2020-05-09 15:15:02.418  INFO 14264 --- [main] com.miaoshaproject.App                   : Starting App on DESKTOP-94909PL with PID 14264 (D:\java\maven\miaosha\target\classes started by ccy in D:\java\maven\miaosha)
2020-05-09 15:15:02.422  INFO 14264 --- [main] com.miaoshaproject.App                   : No active profile set, falling back to default profiles: default
2020-05-09 15:15:03.919  INFO 14264 --- [main] .s.d.r.c.RepositoryConfigurationDelegate : Multiple Spring Data modules found, entering strict repository configuration mode!
2020-05-09 15:15:03.923  INFO 14264 --- [main] .s.d.r.c.RepositoryConfigurationDelegate : Bootstrapping Spring Data repositories in DEFAULT mode.
2020-05-09 15:15:04.024  INFO 14264 --- [main] .s.d.r.c.RepositoryConfigurationDelegate : Finished Spring Data repository scanning in 69ms. Found 0 repository interfaces.
2020-05-09 15:15:04.782  INFO 14264 --- [main] trationDelegate$BeanPostProcessorChecker : Bean 'org.springframework.transaction.annotation.ProxyTransactionManagementConfiguration' of type [org.springframework.transaction.annotation.ProxyTransactionManagementConfiguration] is not eligible for getting processed by all BeanPostProcessors (for example: not eligible for auto-proxying)
2020-05-09 15:15:07.399  INFO 14264 --- [main] o.s.b.w.embedded.tomcat.TomcatWebServer  : Tomcat initialized with port(s): 8090 (http)
2020-05-09 15:15:07.419  INFO 14264 --- [main] o.apache.catalina.core.StandardService   : Starting service [Tomcat]
2020-05-09 15:15:07.420  INFO 14264 --- [main] org.apache.catalina.core.StandardEngine  : Starting Servlet engine: [Apache Tomcat/9.0.27]
2020-05-09 15:15:07.422  INFO 14264 --- [main] o.a.catalina.core.AprLifecycleListener   : Loaded APR based Apache Tomcat Native library [1.2.23] using APR version [1.7.0].
2020-05-09 15:15:07.423  INFO 14264 --- [main] o.a.catalina.core.AprLifecycleListener   : APR capabilities: IPv6 [true], sendfile [true], accept filters [false], random [true].
2020-05-09 15:15:07.423  INFO 14264 --- [main] o.a.catalina.core.AprLifecycleListener   : APR/OpenSSL configuration: useAprConnector [false], useOpenSSL [true]
2020-05-09 15:15:07.427  INFO 14264 --- [main] o.a.catalina.core.AprLifecycleListener   : OpenSSL successfully initialized [OpenSSL 1.1.1c  28 May 2019]
2020-05-09 15:15:07.620  INFO 14264 --- [main] o.a.c.c.C.[Tomcat].[localhost].[/]       : Initializing Spring embedded WebApplicationContext
2020-05-09 15:15:07.620  INFO 14264 --- [main] o.s.web.context.ContextLoader            : Root WebApplicationContext: initialization completed in 5080 ms
2020-05-09 15:15:10.145  INFO 14264 --- [main] o.s.s.concurrent.ThreadPoolTaskExecutor  : Initializing ExecutorService 'applicationTaskExecutor'
2020-05-09 15:15:11.707  INFO 14264 --- [main] o.s.b.w.embedded.tomcat.TomcatWebServer  : Tomcat started on port(s): 8090 (http) with context path ''
2020-05-09 15:15:11.721  INFO 14264 --- [main] com.miaoshaproject.App                   : Started App in 10.102 seconds (JVM running for 10.984)
2020-05-09 15:25:09.408  INFO 6720 --- [main] com.miaoshaproject.App                   : Starting App on DESKTOP-94909PL with PID 6720 (D:\java\maven\miaosha\target\classes started by ccy in D:\java\maven\miaosha)
2020-05-09 15:25:09.415  INFO 6720 --- [main] com.miaoshaproject.App                   : No active profile set, falling back to default profiles: default
2020-05-09 15:25:11.216  INFO 6720 --- [main] .s.d.r.c.RepositoryConfigurationDelegate : Multiple Spring Data modules found, entering strict repository configuration mode!
2020-05-09 15:25:11.223  INFO 6720 --- [main] .s.d.r.c.RepositoryConfigurationDelegate : Bootstrapping Spring Data repositories in DEFAULT mode.
2020-05-09 15:25:11.294  INFO 6720 --- [main] .s.d.r.c.RepositoryConfigurationDelegate : Finished Spring Data repository scanning in 22ms. Found 0 repository interfaces.
2020-05-09 15:25:12.035  INFO 6720 --- [main] trationDelegate$BeanPostProcessorChecker : Bean 'org.springframework.transaction.annotation.ProxyTransactionManagementConfiguration' of type [org.springframework.transaction.annotation.ProxyTransactionManagementConfiguration] is not eligible for getting processed by all BeanPostProcessors (for example: not eligible for auto-proxying)
2020-05-09 15:25:14.209  INFO 6720 --- [main] o.s.b.w.embedded.tomcat.TomcatWebServer  : Tomcat initialized with port(s): 8090 (http)
2020-05-09 15:25:14.234  INFO 6720 --- [main] o.apache.catalina.core.StandardService   : Starting service [Tomcat]
2020-05-09 15:25:14.234  INFO 6720 --- [main] org.apache.catalina.core.StandardEngine  : Starting Servlet engine: [Apache Tomcat/9.0.27]
2020-05-09 15:25:14.236  INFO 6720 --- [main] o.a.catalina.core.AprLifecycleListener   : Loaded APR based Apache Tomcat Native library [1.2.23] using APR version [1.7.0].
2020-05-09 15:25:14.237  INFO 6720 --- [main] o.a.catalina.core.AprLifecycleListener   : APR capabilities: IPv6 [true], sendfile [true], accept filters [false], random [true].
2020-05-09 15:25:14.238  INFO 6720 --- [main] o.a.catalina.core.AprLifecycleListener   : APR/OpenSSL configuration: useAprConnector [false], useOpenSSL [true]
2020-05-09 15:25:14.258  INFO 6720 --- [main] o.a.catalina.core.AprLifecycleListener   : OpenSSL successfully initialized [OpenSSL 1.1.1c  28 May 2019]
2020-05-09 15:25:14.753  INFO 6720 --- [main] o.a.c.c.C.[Tomcat].[localhost].[/]       : Initializing Spring embedded WebApplicationContext
2020-05-09 15:25:14.755  INFO 6720 --- [main] o.s.web.context.ContextLoader            : Root WebApplicationContext: initialization completed in 5197 ms
2020-05-09 15:25:18.245  INFO 6720 --- [main] o.s.s.concurrent.ThreadPoolTaskExecutor  : Initializing ExecutorService 'applicationTaskExecutor'
2020-05-09 15:25:19.059  INFO 6720 --- [main] o.s.b.w.embedded.tomcat.TomcatWebServer  : Tomcat started on port(s): 8090 (http) with context path ''
2020-05-09 15:25:19.065  INFO 6720 --- [main] com.miaoshaproject.App                   : Started App in 10.605 seconds (JVM running for 12.065)
2020-05-09 15:29:37.300  INFO 16020 --- [main] com.miaoshaproject.App                   : Starting App on DESKTOP-94909PL with PID 16020 (D:\java\maven\miaosha\target\classes started by ccy in D:\java\maven\miaosha)
2020-05-09 15:29:37.305  INFO 16020 --- [main] com.miaoshaproject.App                   : No active profile set, falling back to default profiles: default
2020-05-09 15:29:38.840  INFO 16020 --- [main] .s.d.r.c.RepositoryConfigurationDelegate : Multiple Spring Data modules found, entering strict repository configuration mode!
2020-05-09 15:29:38.845  INFO 16020 --- [main] .s.d.r.c.RepositoryConfigurationDelegate : Bootstrapping Spring Data repositories in DEFAULT mode.
2020-05-09 15:29:38.989  INFO 16020 --- [main] .s.d.r.c.RepositoryConfigurationDelegate : Finished Spring Data repository scanning in 40ms. Found 0 repository interfaces.
2020-05-09 15:29:39.716  INFO 16020 --- [main] trationDelegate$BeanPostProcessorChecker : Bean 'org.springframework.transaction.annotation.ProxyTransactionManagementConfiguration' of type [org.springframework.transaction.annotation.ProxyTransactionManagementConfiguration] is not eligible for getting processed by all BeanPostProcessors (for example: not eligible for auto-proxying)
2020-05-09 15:29:42.048  INFO 16020 --- [main] o.s.b.w.embedded.tomcat.TomcatWebServer  : Tomcat initialized with port(s): 8090 (http)
2020-05-09 15:29:42.062  INFO 16020 --- [main] o.apache.catalina.core.StandardService   : Starting service [Tomcat]
2020-05-09 15:29:42.062  INFO 16020 --- [main] org.apache.catalina.core.StandardEngine  : Starting Servlet engine: [Apache Tomcat/9.0.27]
2020-05-09 15:29:42.063  INFO 16020 --- [main] o.a.catalina.core.AprLifecycleListener   : Loaded APR based Apache Tomcat Native library [1.2.23] using APR version [1.7.0].
2020-05-09 15:29:42.064  INFO 16020 --- [main] o.a.catalina.core.AprLifecycleListener   : APR capabilities: IPv6 [true], sendfile [true], accept filters [false], random [true].
2020-05-09 15:29:42.064  INFO 16020 --- [main] o.a.catalina.core.AprLifecycleListener   : APR/OpenSSL configuration: useAprConnector [false], useOpenSSL [true]
2020-05-09 15:29:42.067  INFO 16020 --- [main] o.a.catalina.core.AprLifecycleListener   : OpenSSL successfully initialized [OpenSSL 1.1.1c  28 May 2019]
2020-05-09 15:29:42.215  INFO 16020 --- [main] o.a.c.c.C.[Tomcat].[localhost].[/]       : Initializing Spring embedded WebApplicationContext
2020-05-09 15:29:42.216  INFO 16020 --- [main] o.s.web.context.ContextLoader            : Root WebApplicationContext: initialization completed in 4745 ms
2020-05-09 15:29:43.705  INFO 16020 --- [main] o.s.s.concurrent.ThreadPoolTaskExecutor  : Initializing ExecutorService 'applicationTaskExecutor'
2020-05-09 15:29:44.451  INFO 16020 --- [main] o.s.b.w.embedded.tomcat.TomcatWebServer  : Tomcat started on port(s): 8090 (http) with context path ''
2020-05-09 15:29:44.454  INFO 16020 --- [main] com.miaoshaproject.App                   : Started App in 8.105 seconds (JVM running for 9.223)
2020-05-09 15:30:26.140  INFO 16020 --- [http-nio-8090-exec-1] o.a.c.c.C.[Tomcat].[localhost].[/]       : Initializing Spring DispatcherServlet 'dispatcherServlet'
2020-05-09 15:30:26.141  INFO 16020 --- [http-nio-8090-exec-1] o.s.web.servlet.DispatcherServlet        : Initializing Servlet 'dispatcherServlet'
2020-05-09 15:30:26.181  INFO 16020 --- [http-nio-8090-exec-1] o.s.web.servlet.DispatcherServlet        : Completed initialization in 40 ms
2020-05-09 15:30:26.330 DEBUG 16020 --- [http-nio-8090-exec-1] c.m.controller.TestController            : 测试redis操作：redis test
2020-05-09 15:39:40.856  INFO 15052 --- [main] com.miaoshaproject.App                   : Starting App on DESKTOP-94909PL with PID 15052 (D:\java\maven\miaosha\target\classes started by ccy in D:\java\maven\miaosha)
2020-05-09 15:39:40.861  INFO 15052 --- [main] com.miaoshaproject.App                   : No active profile set, falling back to default profiles: default
2020-05-09 15:39:42.690  INFO 15052 --- [main] .s.d.r.c.RepositoryConfigurationDelegate : Multiple Spring Data modules found, entering strict repository configuration mode!
2020-05-09 15:39:42.696  INFO 15052 --- [main] .s.d.r.c.RepositoryConfigurationDelegate : Bootstrapping Spring Data repositories in DEFAULT mode.
2020-05-09 15:39:42.754  INFO 15052 --- [main] .s.d.r.c.RepositoryConfigurationDelegate : Finished Spring Data repository scanning in 23ms. Found 0 repository interfaces.
2020-05-09 15:39:43.561  INFO 15052 --- [main] trationDelegate$BeanPostProcessorChecker : Bean 'org.springframework.transaction.annotation.ProxyTransactionManagementConfiguration' of type [org.springframework.transaction.annotation.ProxyTransactionManagementConfiguration] is not eligible for getting processed by all BeanPostProcessors (for example: not eligible for auto-proxying)
2020-05-09 15:39:45.651  INFO 15052 --- [main] o.s.b.w.embedded.tomcat.TomcatWebServer  : Tomcat initialized with port(s): 8090 (http)
2020-05-09 15:39:45.668  INFO 15052 --- [main] o.apache.catalina.core.StandardService   : Starting service [Tomcat]
2020-05-09 15:39:45.669  INFO 15052 --- [main] org.apache.catalina.core.StandardEngine  : Starting Servlet engine: [Apache Tomcat/9.0.27]
2020-05-09 15:39:45.671  INFO 15052 --- [main] o.a.catalina.core.AprLifecycleListener   : Loaded APR based Apache Tomcat Native library [1.2.23] using APR version [1.7.0].
2020-05-09 15:39:45.671  INFO 15052 --- [main] o.a.catalina.core.AprLifecycleListener   : APR capabilities: IPv6 [true], sendfile [true], accept filters [false], random [true].
2020-05-09 15:39:45.672  INFO 15052 --- [main] o.a.catalina.core.AprLifecycleListener   : APR/OpenSSL configuration: useAprConnector [false], useOpenSSL [true]
2020-05-09 15:39:45.678  INFO 15052 --- [main] o.a.catalina.core.AprLifecycleListener   : OpenSSL successfully initialized [OpenSSL 1.1.1c  28 May 2019]
2020-05-09 15:39:45.829  INFO 15052 --- [main] o.a.c.c.C.[Tomcat].[localhost].[/]       : Initializing Spring embedded WebApplicationContext
2020-05-09 15:39:45.829  INFO 15052 --- [main] o.s.web.context.ContextLoader            : Root WebApplicationContext: initialization completed in 4840 ms
2020-05-09 15:39:47.341  INFO 15052 --- [main] o.s.s.concurrent.ThreadPoolTaskExecutor  : Initializing ExecutorService 'applicationTaskExecutor'
2020-05-09 15:39:47.909  INFO 15052 --- [main] o.s.b.w.embedded.tomcat.TomcatWebServer  : Tomcat started on port(s): 8090 (http) with context path ''
2020-05-09 15:39:47.914  INFO 15052 --- [main] com.miaoshaproject.App                   : Started App in 7.918 seconds (JVM running for 8.868)
2020-05-09 15:39:59.083  INFO 15052 --- [http-nio-8090-exec-1] o.a.c.c.C.[Tomcat].[localhost].[/]       : Initializing Spring DispatcherServlet 'dispatcherServlet'
2020-05-09 15:39:59.087  INFO 15052 --- [http-nio-8090-exec-1] o.s.web.servlet.DispatcherServlet        : Initializing Servlet 'dispatcherServlet'
2020-05-09 15:39:59.103  INFO 15052 --- [http-nio-8090-exec-1] o.s.web.servlet.DispatcherServlet        : Completed initialization in 16 ms
2020-05-09 15:39:59.252 DEBUG 15052 --- [http-nio-8090-exec-1] c.m.controller.TestController            : 测试redis操作：redis test
2020-05-09 15:48:18.424  INFO 12716 --- [main] com.miaoshaproject.App                   : Starting App on DESKTOP-94909PL with PID 12716 (D:\java\maven\miaosha\target\classes started by ccy in D:\java\maven\miaosha)
2020-05-09 15:48:18.431  INFO 12716 --- [main] com.miaoshaproject.App                   : No active profile set, falling back to default profiles: default
2020-05-09 15:48:19.919  INFO 12716 --- [main] .s.d.r.c.RepositoryConfigurationDelegate : Multiple Spring Data modules found, entering strict repository configuration mode!
2020-05-09 15:48:19.924  INFO 12716 --- [main] .s.d.r.c.RepositoryConfigurationDelegate : Bootstrapping Spring Data repositories in DEFAULT mode.
2020-05-09 15:48:19.980  INFO 12716 --- [main] .s.d.r.c.RepositoryConfigurationDelegate : Finished Spring Data repository scanning in 27ms. Found 0 repository interfaces.
2020-05-09 15:48:20.852  INFO 12716 --- [main] trationDelegate$BeanPostProcessorChecker : Bean 'org.springframework.transaction.annotation.ProxyTransactionManagementConfiguration' of type [org.springframework.transaction.annotation.ProxyTransactionManagementConfiguration] is not eligible for getting processed by all BeanPostProcessors (for example: not eligible for auto-proxying)
2020-05-09 15:48:23.174  INFO 12716 --- [main] o.s.b.w.embedded.tomcat.TomcatWebServer  : Tomcat initialized with port(s): 8090 (http)
2020-05-09 15:48:23.193  INFO 12716 --- [main] o.apache.catalina.core.StandardService   : Starting service [Tomcat]
2020-05-09 15:48:23.194  INFO 12716 --- [main] org.apache.catalina.core.StandardEngine  : Starting Servlet engine: [Apache Tomcat/9.0.27]
2020-05-09 15:48:23.195  INFO 12716 --- [main] o.a.catalina.core.AprLifecycleListener   : Loaded APR based Apache Tomcat Native library [1.2.23] using APR version [1.7.0].
2020-05-09 15:48:23.196  INFO 12716 --- [main] o.a.catalina.core.AprLifecycleListener   : APR capabilities: IPv6 [true], sendfile [true], accept filters [false], random [true].
2020-05-09 15:48:23.197  INFO 12716 --- [main] o.a.catalina.core.AprLifecycleListener   : APR/OpenSSL configuration: useAprConnector [false], useOpenSSL [true]
2020-05-09 15:48:23.202  INFO 12716 --- [main] o.a.catalina.core.AprLifecycleListener   : OpenSSL successfully initialized [OpenSSL 1.1.1c  28 May 2019]
2020-05-09 15:48:23.391  INFO 12716 --- [main] o.a.c.c.C.[Tomcat].[localhost].[/]       : Initializing Spring embedded WebApplicationContext
2020-05-09 15:48:23.392  INFO 12716 --- [main] o.s.web.context.ContextLoader            : Root WebApplicationContext: initialization completed in 4826 ms
2020-05-09 15:48:25.833  INFO 12716 --- [main] o.s.s.concurrent.ThreadPoolTaskExecutor  : Initializing ExecutorService 'applicationTaskExecutor'
2020-05-09 15:48:27.101  INFO 12716 --- [main] o.s.b.w.embedded.tomcat.TomcatWebServer  : Tomcat started on port(s): 8090 (http) with context path ''
2020-05-09 15:48:27.122  INFO 12716 --- [main] com.miaoshaproject.App                   : Started App in 9.531 seconds (JVM running for 10.557)
2020-05-09 15:48:44.437  INFO 12716 --- [http-nio-8090-exec-1] o.a.c.c.C.[Tomcat].[localhost].[/]       : Initializing Spring DispatcherServlet 'dispatcherServlet'
2020-05-09 15:48:44.438  INFO 12716 --- [http-nio-8090-exec-1] o.s.web.servlet.DispatcherServlet        : Initializing Servlet 'dispatcherServlet'
2020-05-09 15:48:44.453  INFO 12716 --- [http-nio-8090-exec-1] o.s.web.servlet.DispatcherServlet        : Completed initialization in 15 ms
2020-05-09 15:48:44.597 DEBUG 12716 --- [http-nio-8090-exec-1] c.m.controller.TestController            : debug --- 测试redis操作：redis test
2020-05-09 15:48:44.597  INFO 12716 --- [http-nio-8090-exec-1] c.m.controller.TestController            : info --- 测试redis操作：redis test
2020-05-09 15:48:44.598 ERROR 12716 --- [http-nio-8090-exec-1] c.m.controller.TestController            : error --- 测试redis操作：redis test
2020-05-09 15:48:44.598  WARN 12716 --- [http-nio-8090-exec-1] c.m.controller.TestController            : warn --- 测试redis操作：redis test
2020-05-09 15:50:16.072  INFO 14408 --- [main] com.miaoshaproject.App                   : Starting App on DESKTOP-94909PL with PID 14408 (D:\java\maven\miaosha\target\classes started by ccy in D:\java\maven\miaosha)
2020-05-09 15:50:16.078  INFO 14408 --- [main] com.miaoshaproject.App                   : No active profile set, falling back to default profiles: default
2020-05-09 15:50:18.005  INFO 14408 --- [main] .s.d.r.c.RepositoryConfigurationDelegate : Multiple Spring Data modules found, entering strict repository configuration mode!
2020-05-09 15:50:18.019  INFO 14408 --- [main] .s.d.r.c.RepositoryConfigurationDelegate : Bootstrapping Spring Data repositories in DEFAULT mode.
2020-05-09 15:50:18.066  INFO 14408 --- [main] .s.d.r.c.RepositoryConfigurationDelegate : Finished Spring Data repository scanning in 19ms. Found 0 repository interfaces.
2020-05-09 15:50:18.814  INFO 14408 --- [main] trationDelegate$BeanPostProcessorChecker : Bean 'org.springframework.transaction.annotation.ProxyTransactionManagementConfiguration' of type [org.springframework.transaction.annotation.ProxyTransactionManagementConfiguration] is not eligible for getting processed by all BeanPostProcessors (for example: not eligible for auto-proxying)
2020-05-09 15:50:22.004  INFO 14408 --- [main] o.s.b.w.embedded.tomcat.TomcatWebServer  : Tomcat initialized with port(s): 8090 (http)
2020-05-09 15:50:22.026  INFO 14408 --- [main] o.apache.catalina.core.StandardService   : Starting service [Tomcat]
2020-05-09 15:50:22.027  INFO 14408 --- [main] org.apache.catalina.core.StandardEngine  : Starting Servlet engine: [Apache Tomcat/9.0.27]
2020-05-09 15:50:22.029  INFO 14408 --- [main] o.a.catalina.core.AprLifecycleListener   : Loaded APR based Apache Tomcat Native library [1.2.23] using APR version [1.7.0].
2020-05-09 15:50:22.030  INFO 14408 --- [main] o.a.catalina.core.AprLifecycleListener   : APR capabilities: IPv6 [true], sendfile [true], accept filters [false], random [true].
2020-05-09 15:50:22.030  INFO 14408 --- [main] o.a.catalina.core.AprLifecycleListener   : APR/OpenSSL configuration: useAprConnector [false], useOpenSSL [true]
2020-05-09 15:50:22.036  INFO 14408 --- [main] o.a.catalina.core.AprLifecycleListener   : OpenSSL successfully initialized [OpenSSL 1.1.1c  28 May 2019]
2020-05-09 15:50:22.296  INFO 14408 --- [main] o.a.c.c.C.[Tomcat].[localhost].[/]       : Initializing Spring embedded WebApplicationContext
2020-05-09 15:50:22.296  INFO 14408 --- [main] o.s.web.context.ContextLoader            : Root WebApplicationContext: initialization completed in 6069 ms
2020-05-09 15:50:24.490  INFO 14408 --- [main] o.s.s.concurrent.ThreadPoolTaskExecutor  : Initializing ExecutorService 'applicationTaskExecutor'
2020-05-09 15:50:25.967  INFO 14408 --- [main] o.s.b.w.embedded.tomcat.TomcatWebServer  : Tomcat started on port(s): 8090 (http) with context path ''
2020-05-09 15:50:25.971  INFO 14408 --- [main] com.miaoshaproject.App                   : Started App in 11.614 seconds (JVM running for 13.991)
2020-05-09 15:50:31.379  INFO 14408 --- [http-nio-8090-exec-1] o.a.c.c.C.[Tomcat].[localhost].[/]       : Initializing Spring DispatcherServlet 'dispatcherServlet'
2020-05-09 15:50:31.380  INFO 14408 --- [http-nio-8090-exec-1] o.s.web.servlet.DispatcherServlet        : Initializing Servlet 'dispatcherServlet'
2020-05-09 15:50:31.393  INFO 14408 --- [http-nio-8090-exec-1] o.s.web.servlet.DispatcherServlet        : Completed initialization in 13 ms
2020-05-09 15:50:31.541 DEBUG 14408 --- [http-nio-8090-exec-1] c.m.controller.TestController            : debug --- 测试redis操作：redis test
2020-05-09 15:50:31.541  INFO 14408 --- [http-nio-8090-exec-1] c.m.controller.TestController            : info --- 测试redis操作：redis test
2020-05-09 15:50:31.542 ERROR 14408 --- [http-nio-8090-exec-1] c.m.controller.TestController            : error --- 测试redis操作：redis test
2020-05-09 15:50:31.542  WARN 14408 --- [http-nio-8090-exec-1] c.m.controller.TestController            : warn --- 测试redis操作：redis test
2020-05-09 15:58:04.752  INFO 18196 --- [main] com.miaoshaproject.App                   : Starting App on DESKTOP-94909PL with PID 18196 (D:\java\maven\miaosha\target\classes started by ccy in D:\java\maven\miaosha)
2020-05-09 15:58:04.760  INFO 18196 --- [main] com.miaoshaproject.App                   : No active profile set, falling back to default profiles: default
2020-05-09 15:58:06.240  INFO 18196 --- [main] .s.d.r.c.RepositoryConfigurationDelegate : Multiple Spring Data modules found, entering strict repository configuration mode!
2020-05-09 15:58:06.255  INFO 18196 --- [main] .s.d.r.c.RepositoryConfigurationDelegate : Bootstrapping Spring Data repositories in DEFAULT mode.
2020-05-09 15:58:06.317  INFO 18196 --- [main] .s.d.r.c.RepositoryConfigurationDelegate : Finished Spring Data repository scanning in 33ms. Found 0 repository interfaces.
2020-05-09 15:58:07.191  INFO 18196 --- [main] trationDelegate$BeanPostProcessorChecker : Bean 'org.springframework.transaction.annotation.ProxyTransactionManagementConfiguration' of type [org.springframework.transaction.annotation.ProxyTransactionManagementConfiguration] is not eligible for getting processed by all BeanPostProcessors (for example: not eligible for auto-proxying)
2020-05-09 15:58:09.268  INFO 18196 --- [main] o.s.b.w.embedded.tomcat.TomcatWebServer  : Tomcat initialized with port(s): 8090 (http)
2020-05-09 15:58:09.294  INFO 18196 --- [main] o.apache.catalina.core.StandardService   : Starting service [Tomcat]
2020-05-09 15:58:09.294  INFO 18196 --- [main] org.apache.catalina.core.StandardEngine  : Starting Servlet engine: [Apache Tomcat/9.0.27]
2020-05-09 15:58:09.296  INFO 18196 --- [main] o.a.catalina.core.AprLifecycleListener   : Loaded APR based Apache Tomcat Native library [1.2.23] using APR version [1.7.0].
2020-05-09 15:58:09.297  INFO 18196 --- [main] o.a.catalina.core.AprLifecycleListener   : APR capabilities: IPv6 [true], sendfile [true], accept filters [false], random [true].
2020-05-09 15:58:09.297  INFO 18196 --- [main] o.a.catalina.core.AprLifecycleListener   : APR/OpenSSL configuration: useAprConnector [false], useOpenSSL [true]
2020-05-09 15:58:09.341  INFO 18196 --- [main] o.a.catalina.core.AprLifecycleListener   : OpenSSL successfully initialized [OpenSSL 1.1.1c  28 May 2019]
2020-05-09 15:58:09.531  INFO 18196 --- [main] o.a.c.c.C.[Tomcat].[localhost].[/]       : Initializing Spring embedded WebApplicationContext
2020-05-09 15:58:09.531  INFO 18196 --- [main] o.s.web.context.ContextLoader            : Root WebApplicationContext: initialization completed in 4654 ms
2020-05-09 15:58:11.269  INFO 18196 --- [main] o.s.s.concurrent.ThreadPoolTaskExecutor  : Initializing ExecutorService 'applicationTaskExecutor'
2020-05-09 15:58:11.825  INFO 18196 --- [main] o.s.b.w.embedded.tomcat.TomcatWebServer  : Tomcat started on port(s): 8090 (http) with context path ''
2020-05-09 15:58:11.829  INFO 18196 --- [main] com.miaoshaproject.App                   : Started App in 8.058 seconds (JVM running for 9.174)
2020-05-09 15:59:10.602  INFO 18196 --- [http-nio-8090-exec-1] o.a.c.c.C.[Tomcat].[localhost].[/]       : Initializing Spring DispatcherServlet 'dispatcherServlet'
2020-05-09 15:59:10.602  INFO 18196 --- [http-nio-8090-exec-1] o.s.web.servlet.DispatcherServlet        : Initializing Servlet 'dispatcherServlet'
2020-05-09 15:59:10.632  INFO 18196 --- [http-nio-8090-exec-1] o.s.web.servlet.DispatcherServlet        : Completed initialization in 30 ms
2020-05-09 15:59:10.891 DEBUG 18196 --- [http-nio-8090-exec-1] c.m.controller.TestController            : debug --- 测试redis操作：redis test
2020-05-09 15:59:10.891  INFO 18196 --- [http-nio-8090-exec-1] c.m.controller.TestController            : info --- 测试redis操作：redis test
2020-05-09 15:59:10.891 ERROR 18196 --- [http-nio-8090-exec-1] c.m.controller.TestController            : error --- 测试redis操作：redis test
2020-05-09 15:59:10.891  WARN 18196 --- [http-nio-8090-exec-1] c.m.controller.TestController            : warn --- 测试redis操作：redis test
2020-05-09 16:00:26.984  INFO 17872 --- [main] com.miaoshaproject.App                   : Starting App on DESKTOP-94909PL with PID 17872 (D:\java\maven\miaosha\target\classes started by ccy in D:\java\maven\miaosha)
2020-05-09 16:00:26.988  INFO 17872 --- [main] com.miaoshaproject.App                   : No active profile set, falling back to default profiles: default
2020-05-09 16:00:28.656  INFO 17872 --- [main] .s.d.r.c.RepositoryConfigurationDelegate : Multiple Spring Data modules found, entering strict repository configuration mode!
2020-05-09 16:00:28.660  INFO 17872 --- [main] .s.d.r.c.RepositoryConfigurationDelegate : Bootstrapping Spring Data repositories in DEFAULT mode.
2020-05-09 16:00:28.709  INFO 17872 --- [main] .s.d.r.c.RepositoryConfigurationDelegate : Finished Spring Data repository scanning in 21ms. Found 0 repository interfaces.
2020-05-09 16:00:29.535  INFO 17872 --- [main] trationDelegate$BeanPostProcessorChecker : Bean 'org.springframework.transaction.annotation.ProxyTransactionManagementConfiguration' of type [org.springframework.transaction.annotation.ProxyTransactionManagementConfiguration] is not eligible for getting processed by all BeanPostProcessors (for example: not eligible for auto-proxying)
2020-05-09 16:00:32.051  INFO 17872 --- [main] o.s.b.w.embedded.tomcat.TomcatWebServer  : Tomcat initialized with port(s): 8090 (http)
2020-05-09 16:00:32.071  INFO 17872 --- [main] o.apache.catalina.core.StandardService   : Starting service [Tomcat]
2020-05-09 16:00:32.072  INFO 17872 --- [main] org.apache.catalina.core.StandardEngine  : Starting Servlet engine: [Apache Tomcat/9.0.27]
2020-05-09 16:00:32.074  INFO 17872 --- [main] o.a.catalina.core.AprLifecycleListener   : Loaded APR based Apache Tomcat Native library [1.2.23] using APR version [1.7.0].
2020-05-09 16:00:32.075  INFO 17872 --- [main] o.a.catalina.core.AprLifecycleListener   : APR capabilities: IPv6 [true], sendfile [true], accept filters [false], random [true].
2020-05-09 16:00:32.076  INFO 17872 --- [main] o.a.catalina.core.AprLifecycleListener   : APR/OpenSSL configuration: useAprConnector [false], useOpenSSL [true]
2020-05-09 16:00:32.084  INFO 17872 --- [main] o.a.catalina.core.AprLifecycleListener   : OpenSSL successfully initialized [OpenSSL 1.1.1c  28 May 2019]
2020-05-09 16:00:32.302  INFO 17872 --- [main] o.a.c.c.C.[Tomcat].[localhost].[/]       : Initializing Spring embedded WebApplicationContext
2020-05-09 16:00:32.303  INFO 17872 --- [main] o.s.web.context.ContextLoader            : Root WebApplicationContext: initialization completed in 5156 ms
2020-05-09 16:00:35.334  INFO 17872 --- [main] o.s.s.concurrent.ThreadPoolTaskExecutor  : Initializing ExecutorService 'applicationTaskExecutor'
2020-05-09 16:00:37.000  INFO 17872 --- [main] o.s.b.w.embedded.tomcat.TomcatWebServer  : Tomcat started on port(s): 8090 (http) with context path ''
2020-05-09 16:00:37.005  INFO 17872 --- [main] com.miaoshaproject.App                   : Started App in 10.902 seconds (JVM running for 11.817)
2020-05-09 16:00:46.440  INFO 17872 --- [http-nio-8090-exec-1] o.a.c.c.C.[Tomcat].[localhost].[/]       : Initializing Spring DispatcherServlet 'dispatcherServlet'
2020-05-09 16:00:46.440  INFO 17872 --- [http-nio-8090-exec-1] o.s.web.servlet.DispatcherServlet        : Initializing Servlet 'dispatcherServlet'
2020-05-09 16:00:46.456  INFO 17872 --- [http-nio-8090-exec-1] o.s.web.servlet.DispatcherServlet        : Completed initialization in 15 ms
2020-05-09 16:00:46.623 DEBUG 17872 --- [http-nio-8090-exec-1] c.m.controller.TestController            : debug --- 测试redis操作：redis test
2020-05-09 16:00:46.624  INFO 17872 --- [http-nio-8090-exec-1] c.m.controller.TestController            : info --- 测试redis操作：redis test
2020-05-09 16:00:46.624 ERROR 17872 --- [http-nio-8090-exec-1] c.m.controller.TestController            : error --- 测试redis操作：redis test
2020-05-09 16:00:46.624  WARN 17872 --- [http-nio-8090-exec-1] c.m.controller.TestController            : warn --- 测试redis操作：redis test
